[1] copy post_install (code 1)
